
****** Vivado v2022.2 (64-bit)
  **** SW Build 3671981 on Fri Oct 14 05:00:03 MDT 2022
  **** IP Build 3669848 on Fri Oct 14 08:30:02 MDT 2022
    ** Copyright 1986-2022 Xilinx, Inc. All Rights Reserved.

source scripts/run_pattern_tx_engine_timing_regression.tcl -notrace
INFO: [VRFC 10-2263] Analyzing SystemVerilog file "D:/FPGA_Learn/laser_tx/laser_tx.srcs/sources_1/new/laser_tx_core/pattern_tx_engine.v" into library work
INFO: [VRFC 10-311] analyzing module pattern_tx_engine
INFO: [VRFC 10-2263] Analyzing SystemVerilog file "D:/FPGA_Learn/laser_tx/laser_tx.srcs/sim_1/new/tb_pattern_tx_engine_timing.sv" into library work
INFO: [VRFC 10-311] analyzing module tb_pattern_tx_engine_timing
Vivado Simulator v2022.2
Copyright 1986-1999, 2001-2022 Xilinx, Inc. All Rights Reserved.
Running: D:/Vivado/2022.2/bin/unwrapped/win64.o/xelab.exe -debug typical -top tb_pattern_tx_engine_timing -snapshot pattern_tx_engine_timing_sim
Multi-threading is on. Using 10 slave threads.
Starting static elaboration
Pass Through NonSizing Optimizer
Completed static elaboration
Starting simulation data flow analysis
Completed simulation data flow analysis
Time Resolution for simulation is 1ps
Compiling module work.pattern_tx_engine
Compiling module work.tb_pattern_tx_engine_timing
Built simulation snapshot pattern_tx_engine_timing_sim

****** xsim v2022.2 (64-bit)
  **** SW Build 3671981 on Fri Oct 14 05:00:03 MDT 2022
  **** IP Build 3669848 on Fri Oct 14 08:30:02 MDT 2022
    ** Copyright 1986-2022 Xilinx, Inc. All Rights Reserved.

source xsim.dir/pattern_tx_engine_timing_sim/xsim_script.tcl
# xsim {pattern_tx_engine_timing_sim} -autoloadwcfg -runall
Time resolution is 1 ps
run -all
PASS 63-bit phase/gap/wrap words=253
PASS 127-bit direct/gap/wrap words=5
PASS restart after disable/quiesce words=504
PASS runtime clock period change words=2
PATTERN_TX_ENGINE_TIMING_REGRESSION_PASS
$finish called at time : 4879570 ps : File "D:/FPGA_Learn/laser_tx/laser_tx.srcs/sim_1/new/tb_pattern_tx_engine_timing.sv" Line 203
exit
INFO: [Common 17-206] Exiting xsim at Thu Jul 16 18:41:09 2026...
INFO: [Common 17-206] Exiting Vivado at Thu Jul 16 18:41:09 2026...
