Copyright 1986-2022 Xilinx, Inc. All Rights Reserved.
---------------------------------------------------------------------------------------------------------------------------------------------------------------
| Tool Version : Vivado v.2022.2 (win64) Build 3671981 Fri Oct 14 05:00:03 MDT 2022
| Date         : Thu Jul 16 20:34:04 2026
| Host         : LAPTOP-ITN6KOP9 running 64-bit major release  (build 9200)
| Command      : report_clock_interaction -delay_type min_max -file D:/FPGA_Learn/laser_tx/reports/ad9528_gt_rate_planner/artifact_build/clock_interaction.rpt
| Design       : laser_tx_board_top
| Device       : 7z100-ffg900
| Speed File   : -2  PRODUCTION 1.12 2019-11-22
---------------------------------------------------------------------------------------------------------------------------------------------------------------

Clock Interaction Report

Clock Interaction Table
-----------------------

                                                                                                                                                                                        WNS                            TNS Failing  TNS Total    WNS Path         WHS                            THS Failing  THS Total    WHS Path         Clock-Pair           Inter-Clock              
From Clock                                                                                  To Clock                                                                                    Clock Edges  WNS(ns)  TNS(ns)    Endpoints    Endpoints  Requirement(ns)  Clock Edges  WHS(ns)  THS(ns)    Endpoints    Endpoints  Requirement(ns)  Classification       Constraints              
------------------------------------------------------------------------------------------  ------------------------------------------------------------------------------------------  -----------  -------  -------  -----------  -----------  ---------------  -----------  -------  -------  -----------  -----------  ---------------  -------------------  -----------------------  
GT_TXOUTCLK_INITIAL_500M                                                                    GT_TXOUTCLK_INITIAL_500M                                                                    rise - rise    63.44     0.00            0            1            64.00  rise - rise     0.21     0.00            0            1             0.00  Clean                Timed                    
GT_TXOUTCLK_INITIAL_500M                                                                    clk_fpga_0                                                                                                                           0            1                                                            0            1                   Ignored              Asynchronous Groups      
GT_TXUSRCLK2_RUNTIME_MAX                                                                    GT_TXUSRCLK2_RUNTIME_MAX                                                                    rise - rise     0.03     0.00            0         4622             6.21  rise - rise     0.08     0.00            0         4622             0.00  Clean                Timed                    
GT_TXUSRCLK2_RUNTIME_MAX                                                                    clk_fpga_0                                                                                                                           0          106                                                            0          106                   Ignored              Asynchronous Groups      
MGT_REFCLK_125M                                                                             MGT_REFCLK_125M                                                                             rise - rise     7.03     0.00            0            7             8.00  rise - rise     0.17     0.00            0            7             0.00  Clean                Timed                    
ad9528_out0_odiv2_raw                                                                       ad9528_out0_odiv2_raw                                                                       rise - rise    14.13     0.00            0           64            16.28  rise - rise     0.19     0.00            0           64             0.00  Clean                Timed                    
ad9528_out0_odiv2_raw                                                                       clk_fpga_0                                                                                                                           0           33                                                            0           33                   Ignored              Asynchronous Groups      
clk_fpga_0                                                                                  GT_TXOUTCLK_INITIAL_500M                                                                                                             0            1                                                            0            1                   Ignored              Asynchronous Groups      
clk_fpga_0                                                                                  GT_TXUSRCLK2_RUNTIME_MAX                                                                                                             0          573                                                            0          573                   Ignored              Asynchronous Groups      
clk_fpga_0                                                                                  clk_fpga_0                                                                                  rise - rise     7.69     0.00            0        69012            20.00  rise - rise     0.03     0.00            0        69012             0.00  Clean                Partial False Path       
clk_fpga_0                                                                                  dbg_hub/inst/BSCANID.u_xsdbm_id/SWITCH_N_EXT_BSCAN.bscan_inst/SERIES7_BSCAN.bscan_inst/TCK  rise - rise    19.27     0.00            0          104            20.00                                           0          104                   Ignored              Max Delay Datapath Only  
dbg_hub/inst/BSCANID.u_xsdbm_id/SWITCH_N_EXT_BSCAN.bscan_inst/SERIES7_BSCAN.bscan_inst/TCK  clk_fpga_0                                                                                  rise - rise    32.24     0.00            0           88            33.00                                           0           88                   Ignored              Max Delay Datapath Only  
dbg_hub/inst/BSCANID.u_xsdbm_id/SWITCH_N_EXT_BSCAN.bscan_inst/SERIES7_BSCAN.bscan_inst/TCK  dbg_hub/inst/BSCANID.u_xsdbm_id/SWITCH_N_EXT_BSCAN.bscan_inst/SERIES7_BSCAN.bscan_inst/TCK  rise - rise    28.85     0.00            0         1038            33.00  rise - rise     0.06     0.00            0         1038             0.00  Clean                Timed                    


